O desenvolvedor do mod optou por não incluir o seu código fonte.
Arquivos:
calamitywarthofthegodsptbr.dll
You can find this mod's .dll files under C:\Users\andre fernandes\Documents\My Games\Terraria\tModLoader\ModSources\ModAssemblies for easy mod collaboration!
calamitywarthofthegodsptbr.pdb
build.txt
Properties/launchSettings.json
icon.png
description.txt
description_workshop.txt
Localization/pt-BR/Mods.NoxusBoss.CellPhoneInfoOverrides.hjson
Localization/pt-BR/Mods.NoxusBoss.Biomes.hjson
Localization/pt-BR/Mods.NoxusBoss.Emotes.hjson
icon_small.png
Localization/pt-BR/Mods.NoxusBoss.NPCs.hjson
Localization/pt-BR/Mods.NoxusBoss.GameTips.hjson
Localization/pt-BR/Mods.NoxusBoss.Death.hjson
Localization/pt-BR/Mods.NoxusBoss.Configs.WoTGConfig.hjson
Localization/pt-BR/Mods.NoxusBoss.Projectiles.hjson
Localization/pt-BR/Mods.NoxusBoss.Buffs.hjson
Localization/pt-BR/Mods.NoxusBoss.MenuThemes.hjson
Localization/pt-BR/Mods.NoxusBoss.Conditions.hjson
Localization/pt-BR/Mods.NoxusBoss.Credits.hjson
Localization/pt-BR/Mods.NoxusBoss.Tiles.hjson
Localization/pt-BR/Mods.NoxusBoss.Quests.hjson
Localization/pt-BR/Mods.NoxusBoss.Dialog.hjson
Localization/pt-BR/Mods.NoxusBoss.Bestiary.hjson
Localization/pt-BR/Mods.NoxusBoss.FannyDialog.hjson
Localization/pt-BR/Mods.NoxusBoss.PlayerDeathMessages.hjson
Localization/pt-BR/Mods.NoxusBoss.StarGazing.hjson
Localization/pt-BR/Mods.NoxusBoss.Subtitles.hjson
Localization/pt-BR/Mods.NoxusBoss.Subworlds.hjson
Localization/pt-BR/Mods.NoxusBoss.UI.hjson
Localization/pt-BR/Mods.NoxusBoss.Solyn.hjson
Localization/pt-BR/Mods.NoxusBoss.NamelessLoreVocabulary.hjson
Localization/pt-BR/Mods.NoxusBoss.TownNPCs.hjson
Localization/pt-BR/Mods.NoxusBoss.Items.hjson
